// Jest Snapshot v1, https://goo.gl/fbAQLP

exports[`TheDate component renders the UI as expected 1`] = `
<div>
  8/27/2020, 7:52:39 PM
</div>
`;
